[2026-03-10 13:12:41] ALERT: 215 Hz – Emotional Clearing / Regeneration — 215.3 Hz, Magnitude: 340135.6
[2026-03-10 13:12:41] ALERT: 215 Hz – Emotional Clearing / Regeneration — 218.0 Hz, Magnitude: 301145.9
[2026-03-10 13:12:41] ALERT: 215 Hz – Emotional Clearing / Regeneration — 218.0 Hz, Magnitude: 476383.2
[2026-03-10 13:12:41] ALERT: 172 Hz – Inner Balance / Spleen Meridian — 175.0 Hz, Magnitude: 267333.7
[2026-03-10 13:13:12] ALERT: 285 Hz – Tissue Healing / Restoration — 279.9 Hz, Magnitude: 495619.5
[2026-03-10 13:13:12] ALERT: 136.1 Hz - OM Resonance – Third Eye (Low Octave) — 137.3 Hz, Magnitude: 491073.0
[2026-03-10 13:13:12] ALERT: 285 Hz – Tissue Healing / Restoration — 282.6 Hz, Magnitude: 487486.2
[2026-03-10 13:13:12] ALERT: 285 Hz – Tissue Healing / Restoration — 285.3 Hz, Magnitude: 482603.3
[2026-03-10 13:13:12] ALERT: 417Hz Sacral Chakra — 419.9 Hz, Magnitude: 298561.4
[2026-03-10 13:13:13] ALERT: 285 Hz – Tissue Healing / Restoration — 279.9 Hz, Magnitude: 495619.5
[2026-03-10 13:13:13] ALERT: 285 Hz – Tissue Healing / Restoration — 282.6 Hz, Magnitude: 487486.2
[2026-03-10 13:13:13] ALERT: 432 Hz - Heart Chakra – Coherence  — 438.7 Hz, Magnitude: 456506.9
[2026-03-10 13:13:13] ALERT: 417Hz Sacral Chakra — 419.9 Hz, Magnitude: 427147.0
[2026-03-10 13:13:13] ALERT: 417Hz Sacral Chakra — 417.2 Hz, Magnitude: 376851.9
[2026-03-10 13:13:13] ALERT: 417Hz Sacral Chakra — 422.6 Hz, Magnitude: 314450.0
[2026-03-10 13:13:13] ALERT: 320–341 Hz - Solar Plexus Chakra — 325.7 Hz, Magnitude: 309113.1
[2026-03-10 13:13:13] ALERT: 320–341 Hz - Solar Plexus Chakra — 331.1 Hz, Magnitude: 299364.3
[2026-03-10 13:13:13] ALERT: 432 Hz - Heart Chakra – Coherence  — 436.0 Hz, Magnitude: 287144.8
[2026-03-10 13:13:13] ALERT: 432 Hz - Heart Chakra – Coherence  — 428.0 Hz, Magnitude: 279248.5
[2026-03-10 13:13:13] ALERT: 528 Hz – Solfeggio (Repair / Transformation) — 522.2 Hz, Magnitude: 273719.0
[2026-03-10 13:13:13] ALERT: 417Hz Sacral Chakra — 414.5 Hz, Magnitude: 261681.7
[2026-03-10 13:13:13] ALERT: 528 Hz – Solfeggio (Repair / Transformation) — 522.2 Hz, Magnitude: 348761.3
[2026-03-10 13:13:13] ALERT: 528 Hz – Solfeggio (Repair / Transformation) — 519.5 Hz, Magnitude: 297124.5
[2026-03-10 13:13:13] ALERT: 320–341 Hz - Solar Plexus Chakra — 331.1 Hz, Magnitude: 260824.3
[2026-03-10 13:13:14] ALERT: 417Hz Sacral Chakra — 414.5 Hz, Magnitude: 259393.8
[2026-03-10 13:13:14] ALERT: 417Hz Sacral Chakra — 411.8 Hz, Magnitude: 255696.9
[2026-03-10 13:13:14] ALERT: 417Hz Sacral Chakra — 414.5 Hz, Magnitude: 375911.7
[2026-03-10 13:13:14] ALERT: 417Hz Sacral Chakra — 417.2 Hz, Magnitude: 337279.2
[2026-03-10 13:13:14] ALERT: 417Hz Sacral Chakra — 411.8 Hz, Magnitude: 251183.0
[2026-03-10 13:13:15] ALERT: 396 Hz – Solfeggio (Liberation from Fear) — 403.7 Hz, Magnitude: 287784.3
[2026-03-10 13:13:15] ALERT: 417Hz Sacral Chakra — 409.1 Hz, Magnitude: 270414.6
[2026-03-10 13:13:16] ALERT: 136.1 Hz - OM Resonance – Third Eye (Low Octave) — 137.3 Hz, Magnitude: 270032.7
[2026-03-10 13:13:16] ALERT: 285 Hz – Tissue Healing / Restoration — 285.3 Hz, Magnitude: 258267.5
[2026-03-10 13:13:17] ALERT: 528 Hz – Solfeggio (Repair / Transformation) — 519.5 Hz, Magnitude: 364837.6
[2026-03-10 13:13:17] ALERT: 528 Hz – Solfeggio (Repair / Transformation) — 524.9 Hz, Magnitude: 363342.9
[2026-03-10 13:13:17] ALERT: 215 Hz – Emotional Clearing / Regeneration — 212.6 Hz, Magnitude: 289811.0
[2026-03-10 13:13:17] ALERT: 417Hz Sacral Chakra — 411.8 Hz, Magnitude: 287747.0
[2026-03-10 13:13:17] ALERT: 432 Hz - Heart Chakra – Coherence  — 433.4 Hz, Magnitude: 259793.6
[2026-03-10 13:15:00] ALERT: 215 Hz – Emotional Clearing / Regeneration — 212.6 Hz, Magnitude: 387138.8
[2026-03-10 13:16:12] ALERT: 215 Hz – Emotional Clearing / Regeneration — 212.6 Hz, Magnitude: 298484.7
[2026-03-10 13:16:12] ALERT: 215 Hz – Emotional Clearing / Regeneration — 212.6 Hz, Magnitude: 250099.3
[2026-03-10 13:49:12] ALERT: 215 Hz – Emotional Clearing / Regeneration — 215.3 Hz, Magnitude: 500000.0
[2026-03-10 13:49:12] ALERT: 215 Hz – Emotional Clearing / Regeneration — 218.0 Hz, Magnitude: 412060.2
[2026-03-10 13:49:12] ALERT: 172 Hz – Inner Balance / Spleen Meridian — 169.6 Hz, Magnitude: 288412.2
[2026-03-10 13:49:12] ALERT: 172 Hz – Inner Balance / Spleen Meridian — 172.3 Hz, Magnitude: 256232.0
[2026-03-10 13:49:13] ALERT: 215 Hz – Emotional Clearing / Regeneration — 218.0 Hz, Magnitude: 343611.5
[2026-03-10 13:49:14] ALERT: 215 Hz – Emotional Clearing / Regeneration — 218.0 Hz, Magnitude: 264206.6
[2026-03-10 13:49:38] ALERT: 432 Hz - Heart Chakra – Coherence  — 436.0 Hz, Magnitude: 375434.6
[2026-03-10 13:49:38] ALERT: 432 Hz - Heart Chakra – Coherence  — 438.7 Hz, Magnitude: 365761.9
[2026-03-10 13:49:38] ALERT: 432 Hz - Heart Chakra – Coherence  — 428.0 Hz, Magnitude: 269627.7
[2026-03-10 13:49:39] ALERT: 215 Hz – Emotional Clearing / Regeneration — 218.0 Hz, Magnitude: 479844.4
[2026-03-10 13:49:39] ALERT: 215 Hz – Emotional Clearing / Regeneration — 212.6 Hz, Magnitude: 289692.7
[2026-03-10 13:49:39] ALERT: 136.1 Hz - OM Resonance – Third Eye (Low Octave) — 134.6 Hz, Magnitude: 287896.6
[2026-03-10 13:49:39] ALERT: 136.1 Hz - OM Resonance – Third Eye (Low Octave) — 137.3 Hz, Magnitude: 285652.5
[2026-03-10 13:49:39] ALERT: 852 Hz - Third Eye Chakra  — 837.1 Hz, Magnitude: 272983.8
[2026-03-10 13:49:39] ALERT: 417Hz Sacral Chakra — 411.8 Hz, Magnitude: 272009.2
[2026-03-10 13:49:39] ALERT: 396Hz – Root Chakra — 401.1 Hz, Magnitude: 259983.6
[2026-03-10 13:49:39] ALERT: 417Hz Sacral Chakra — 409.1 Hz, Magnitude: 258258.9
[2026-03-10 13:49:39] ALERT: 215 Hz – Emotional Clearing / Regeneration — 212.6 Hz, Magnitude: 340854.7
[2026-03-10 13:49:39] ALERT: 215 Hz – Emotional Clearing / Regeneration — 215.3 Hz, Magnitude: 309557.0
[2026-03-10 13:49:39] ALERT: 528 Hz – Solfeggio (Repair / Transformation) — 519.5 Hz, Magnitude: 259867.7
